Archive member included because of file (symbol)

/usr/lib/gcc/avr/4.8.1/avr25/tiny-stack/libgcc.a(_exit.o)
                              /usr/lib/gcc/avr/4.8.1/../../../avr/lib/avr25/tiny-stack/crttn25.o (exit)
/usr/lib/gcc/avr/4.8.1/avr25/tiny-stack/libgcc.a(_clear_bss.o)
                              ./hal.o (__do_clear_bss)
/usr/lib/gcc/avr/4.8.1/avr25/tiny-stack/libgcc.a(_mulsidi3.o)
                              ./main.o (__umulsidi3)
/usr/lib/gcc/avr/4.8.1/avr25/tiny-stack/libgcc.a(_prologue.o)
                              /usr/lib/gcc/avr/4.8.1/avr25/tiny-stack/libgcc.a(_mulsidi3.o) (__prologue_saves__)
/usr/lib/gcc/avr/4.8.1/avr25/tiny-stack/libgcc.a(_epilogue.o)
                              /usr/lib/gcc/avr/4.8.1/avr25/tiny-stack/libgcc.a(_mulsidi3.o) (__epilogue_restores__)
/usr/lib/gcc/avr/4.8.1/avr25/tiny-stack/libgcc.a(_muldi3.o)
                              /usr/lib/gcc/avr/4.8.1/avr25/tiny-stack/libgcc.a(_mulsidi3.o) (__muldi3)
/usr/lib/gcc/avr/4.8.1/../../../avr/lib/avr25/tiny-stack/libc.a(eerd_byte_attiny25.o)
                              ./main.o (__eerd_byte_tn25)
/usr/lib/gcc/avr/4.8.1/../../../avr/lib/avr25/tiny-stack/libc.a(eerd_word_attiny25.o)
                              ./main.o (__eerd_word_tn25)
/usr/lib/gcc/avr/4.8.1/../../../avr/lib/avr25/tiny-stack/libc.a(eerd_block_attiny25.o)
                              /usr/lib/gcc/avr/4.8.1/../../../avr/lib/avr25/tiny-stack/libc.a(eerd_word_attiny25.o) (__eerd_blraw_tn25)

Allocating common symbols
Common symbol       size              file

hal_tacho_counter   0x2               ./hal.o
mn_max_rpm          0x2               ./hal.o
mn_min_duty_cycle   0x1               ./hal.o
mn_flags0           0x1               ./hal.o
mn_seconds_delay_counter
                    0x1               ./hal.o
hal_flags0          0x1               ./hal.o
mn_target_rpm       0x2               ./hal.o
mn_min_rpm          0x2               ./hal.o
hal_timer1_overflows_number
                    0x2               ./hal.o
hal_adc_accumulator
                    0x4               ./hal.o
hal_temperature     0x2               ./hal.o
hal_adc_avg_counter
                    0x1               ./hal.o
hal_tacho           0x2               ./hal.o

Memory Configuration

Name             Origin             Length             Attributes
text             0x0000000000000000 0x0000000000002000 xr
data             0x0000000000800060 0x000000000000ffa0 rw !x
eeprom           0x0000000000810000 0x0000000000010000 rw !x
fuse             0x0000000000820000 0x0000000000000400 rw !x
lock             0x0000000000830000 0x0000000000000400 rw !x
signature        0x0000000000840000 0x0000000000000400 rw !x
user_signatures  0x0000000000850000 0x0000000000000400 rw !x
*default*        0x0000000000000000 0xffffffffffffffff

Linker script and memory map

LOAD /usr/lib/gcc/avr/4.8.1/../../../avr/lib/avr25/tiny-stack/crttn25.o
LOAD ./hal.o
LOAD ./main.o
START GROUP
LOAD /usr/lib/gcc/avr/4.8.1/avr25/tiny-stack/libgcc.a
LOAD /usr/lib/gcc/avr/4.8.1/../../../avr/lib/avr25/tiny-stack/libm.a
LOAD /usr/lib/gcc/avr/4.8.1/../../../avr/lib/avr25/tiny-stack/libc.a
END GROUP

.hash
 *(.hash)

.dynsym
 *(.dynsym)

.dynstr
 *(.dynstr)

.gnu.version
 *(.gnu.version)

.gnu.version_d
 *(.gnu.version_d)

.gnu.version_r
 *(.gnu.version_r)

.rel.init
 *(.rel.init)

.rela.init
 *(.rela.init)

.rel.text
 *(.rel.text)
 *(.rel.text.*)
 *(.rel.gnu.linkonce.t*)

.rela.text
 *(.rela.text)
 *(.rela.text.*)
 *(.rela.gnu.linkonce.t*)

.rel.fini
 *(.rel.fini)

.rela.fini
 *(.rela.fini)

.rel.rodata
 *(.rel.rodata)
 *(.rel.rodata.*)
 *(.rel.gnu.linkonce.r*)

.rela.rodata
 *(.rela.rodata)
 *(.rela.rodata.*)
 *(.rela.gnu.linkonce.r*)

.rel.data
 *(.rel.data)
 *(.rel.data.*)
 *(.rel.gnu.linkonce.d*)

.rela.data
 *(.rela.data)
 *(.rela.data.*)
 *(.rela.gnu.linkonce.d*)

.rel.ctors
 *(.rel.ctors)

.rela.ctors
 *(.rela.ctors)

.rel.dtors
 *(.rel.dtors)

.rela.dtors
 *(.rela.dtors)

.rel.got
 *(.rel.got)

.rela.got
 *(.rela.got)

.rel.bss
 *(.rel.bss)

.rela.bss
 *(.rela.bss)

.rel.plt
 *(.rel.plt)

.rela.plt
 *(.rela.plt)

.text           0x0000000000000000      0x5d8
 *(.vectors)
 .vectors       0x0000000000000000       0x1e /usr/lib/gcc/avr/4.8.1/../../../avr/lib/avr25/tiny-stack/crttn25.o
                0x0000000000000000                __vectors
                0x0000000000000000                __vector_default
 *(.vectors)
 *(.progmem.gcc*)
                0x000000000000001e                . = ALIGN (0x2)
                0x000000000000001e                __trampolines_start = .
 *(.trampolines)
 .trampolines   0x000000000000001e        0x0 linker stubs
 *(.trampolines*)
                0x000000000000001e                __trampolines_end = .
 *(.progmem*)
                0x000000000000001e                . = ALIGN (0x2)
 *(.jumptables)
 *(.jumptables*)
 *(.lowtext)
 *(.lowtext*)
                0x000000000000001e                __ctors_start = .
 *(.ctors)
                0x000000000000001e                __ctors_end = .
                0x000000000000001e                __dtors_start = .
 *(.dtors)
                0x000000000000001e                __dtors_end = .
 SORT(*)(.ctors)
 SORT(*)(.dtors)
 *(.init0)
 .init0         0x000000000000001e        0x0 /usr/lib/gcc/avr/4.8.1/../../../avr/lib/avr25/tiny-stack/crttn25.o
                0x000000000000001e                __init
 *(.init0)
 *(.init1)
 *(.init1)
 *(.init2)
 .init2         0x000000000000001e        0x8 /usr/lib/gcc/avr/4.8.1/../../../avr/lib/avr25/tiny-stack/crttn25.o
 *(.init2)
 *(.init3)
 .init3         0x0000000000000026       0x14 ./hal.o
                0x0000000000000026                hal_early_init
 *(.init3)
 *(.init4)
 .init4         0x000000000000003a       0x10 /usr/lib/gcc/avr/4.8.1/avr25/tiny-stack/libgcc.a(_clear_bss.o)
                0x000000000000003a                __do_clear_bss
 *(.init4)
 *(.init5)
 *(.init5)
 *(.init6)
 *(.init6)
 *(.init7)
 *(.init7)
 *(.init8)
 *(.init8)
 *(.init9)
 .init9         0x000000000000004a        0x4 /usr/lib/gcc/avr/4.8.1/../../../avr/lib/avr25/tiny-stack/crttn25.o
 *(.init9)
 *(.text)
 .text          0x000000000000004e        0x2 /usr/lib/gcc/avr/4.8.1/../../../avr/lib/avr25/tiny-stack/crttn25.o
                0x000000000000004e                __vector_12
                0x000000000000004e                __bad_interrupt
                0x000000000000004e                __vector_6
                0x000000000000004e                __vector_3
                0x000000000000004e                __vector_11
                0x000000000000004e                __vector_13
                0x000000000000004e                __vector_7
                0x000000000000004e                __vector_5
                0x000000000000004e                __vector_9
                0x000000000000004e                __vector_2
                0x000000000000004e                __vector_14
                0x000000000000004e                __vector_10
 .text          0x0000000000000050        0x0 ./hal.o
 .text          0x0000000000000050        0x0 ./main.o
 .text          0x0000000000000050        0x0 /usr/lib/gcc/avr/4.8.1/avr25/tiny-stack/libgcc.a(_exit.o)
 .text          0x0000000000000050        0x0 /usr/lib/gcc/avr/4.8.1/avr25/tiny-stack/libgcc.a(_clear_bss.o)
 .text          0x0000000000000050        0x0 /usr/lib/gcc/avr/4.8.1/avr25/tiny-stack/libgcc.a(_mulsidi3.o)
 .text          0x0000000000000050        0x0 /usr/lib/gcc/avr/4.8.1/avr25/tiny-stack/libgcc.a(_prologue.o)
 .text          0x0000000000000050        0x0 /usr/lib/gcc/avr/4.8.1/avr25/tiny-stack/libgcc.a(_epilogue.o)
 .text          0x0000000000000050        0x0 /usr/lib/gcc/avr/4.8.1/avr25/tiny-stack/libgcc.a(_muldi3.o)
 .text          0x0000000000000050        0x0 /usr/lib/gcc/avr/4.8.1/../../../avr/lib/avr25/tiny-stack/libc.a(eerd_byte_attiny25.o)
 .text          0x0000000000000050        0x0 /usr/lib/gcc/avr/4.8.1/../../../avr/lib/avr25/tiny-stack/libc.a(eerd_word_attiny25.o)
 .text          0x0000000000000050        0x0 /usr/lib/gcc/avr/4.8.1/../../../avr/lib/avr25/tiny-stack/libc.a(eerd_block_attiny25.o)
                0x0000000000000050                . = ALIGN (0x2)
 *(.text.*)
 .text.__vector_1
                0x0000000000000050       0x2e ./hal.o
                0x0000000000000050                __vector_1
 .text.__vector_8
                0x000000000000007e       0xce ./hal.o
                0x000000000000007e                __vector_8
 .text.hal_second_tick
                0x000000000000014c       0x42 ./hal.o
                0x000000000000014c                hal_second_tick
 .text.__vector_4
                0x000000000000018e       0x64 ./hal.o
                0x000000000000018e                __vector_4
 .text.hal_stop_cooler
                0x00000000000001f2        0xa ./hal.o
                0x00000000000001f2                hal_stop_cooler
 .text.hal_start_cooler
                0x00000000000001fc        0x8 ./hal.o
                0x00000000000001fc                hal_start_cooler
 .text.hal_set_cooler_duty_cycle
                0x0000000000000204       0x1e ./hal.o
                0x0000000000000204                hal_set_cooler_duty_cycle
 .text.hal_init
                0x0000000000000222       0x8a ./hal.o
                0x0000000000000222                hal_init
 .text.mn_second_tick
                0x00000000000002ac       0x28 ./main.o
                0x00000000000002ac                mn_second_tick
 .text.mn_seconds_delay
                0x00000000000002d4       0x12 ./main.o
                0x00000000000002d4                mn_seconds_delay
 .text.mn_set_target_rpm
                0x00000000000002e6       0x70 ./main.o
                0x00000000000002e6                mn_set_target_rpm
 .text.mn_set_rpm_in_percents
                0x0000000000000356       0x44 ./main.o
                0x0000000000000356                mn_set_rpm_in_percents
 .text.mn_lookup_rpm
                0x000000000000039a       0x62 ./main.o
                0x000000000000039a                mn_lookup_rpm
 .text.startup.main
                0x00000000000003fc       0xb4 ./main.o
                0x00000000000003fc                main
 .text.libgcc.mul
                0x00000000000004b0        0x0 /usr/lib/gcc/avr/4.8.1/avr25/tiny-stack/libgcc.a(_exit.o)
 .text.libgcc.div
                0x00000000000004b0        0x0 /usr/lib/gcc/avr/4.8.1/avr25/tiny-stack/libgcc.a(_exit.o)
 .text.libgcc   0x00000000000004b0        0x0 /usr/lib/gcc/avr/4.8.1/avr25/tiny-stack/libgcc.a(_exit.o)
 .text.libgcc.prologue
                0x00000000000004b0        0x0 /usr/lib/gcc/avr/4.8.1/avr25/tiny-stack/libgcc.a(_exit.o)
 .text.libgcc.builtins
                0x00000000000004b0        0x0 /usr/lib/gcc/avr/4.8.1/avr25/tiny-stack/libgcc.a(_exit.o)
 .text.libgcc.fmul
                0x00000000000004b0        0x0 /usr/lib/gcc/avr/4.8.1/avr25/tiny-stack/libgcc.a(_exit.o)
 .text.libgcc.fixed
                0x00000000000004b0        0x0 /usr/lib/gcc/avr/4.8.1/avr25/tiny-stack/libgcc.a(_exit.o)
 .text.libgcc.mul
                0x00000000000004b0        0x0 /usr/lib/gcc/avr/4.8.1/avr25/tiny-stack/libgcc.a(_clear_bss.o)
 .text.libgcc.div
                0x00000000000004b0        0x0 /usr/lib/gcc/avr/4.8.1/avr25/tiny-stack/libgcc.a(_clear_bss.o)
 .text.libgcc   0x00000000000004b0        0x0 /usr/lib/gcc/avr/4.8.1/avr25/tiny-stack/libgcc.a(_clear_bss.o)
 .text.libgcc.prologue
                0x00000000000004b0        0x0 /usr/lib/gcc/avr/4.8.1/avr25/tiny-stack/libgcc.a(_clear_bss.o)
 .text.libgcc.builtins
                0x00000000000004b0        0x0 /usr/lib/gcc/avr/4.8.1/avr25/tiny-stack/libgcc.a(_clear_bss.o)
 .text.libgcc.fmul
                0x00000000000004b0        0x0 /usr/lib/gcc/avr/4.8.1/avr25/tiny-stack/libgcc.a(_clear_bss.o)
 .text.libgcc.fixed
                0x00000000000004b0        0x0 /usr/lib/gcc/avr/4.8.1/avr25/tiny-stack/libgcc.a(_clear_bss.o)
 .text.libgcc.mul
                0x00000000000004b0       0x3a /usr/lib/gcc/avr/4.8.1/avr25/tiny-stack/libgcc.a(_mulsidi3.o)
                0x00000000000004b0                __mulsidi3
                0x00000000000004b4                __umulsidi3
 .text.libgcc.div
                0x00000000000004ea        0x0 /usr/lib/gcc/avr/4.8.1/avr25/tiny-stack/libgcc.a(_mulsidi3.o)
 .text.libgcc   0x00000000000004ea        0x0 /usr/lib/gcc/avr/4.8.1/avr25/tiny-stack/libgcc.a(_mulsidi3.o)
 .text.libgcc.prologue
                0x00000000000004ea        0x0 /usr/lib/gcc/avr/4.8.1/avr25/tiny-stack/libgcc.a(_mulsidi3.o)
 .text.libgcc.builtins
                0x00000000000004ea        0x0 /usr/lib/gcc/avr/4.8.1/avr25/tiny-stack/libgcc.a(_mulsidi3.o)
 .text.libgcc.fmul
                0x00000000000004ea        0x0 /usr/lib/gcc/avr/4.8.1/avr25/tiny-stack/libgcc.a(_mulsidi3.o)
 .text.libgcc.fixed
                0x00000000000004ea        0x0 /usr/lib/gcc/avr/4.8.1/avr25/tiny-stack/libgcc.a(_mulsidi3.o)
 .text.libgcc.mul
                0x00000000000004ea        0x0 /usr/lib/gcc/avr/4.8.1/avr25/tiny-stack/libgcc.a(_prologue.o)
 .text.libgcc.div
                0x00000000000004ea        0x0 /usr/lib/gcc/avr/4.8.1/avr25/tiny-stack/libgcc.a(_prologue.o)
 .text.libgcc   0x00000000000004ea        0x0 /usr/lib/gcc/avr/4.8.1/avr25/tiny-stack/libgcc.a(_prologue.o)
 .text.libgcc.prologue
                0x00000000000004ea       0x2e /usr/lib/gcc/avr/4.8.1/avr25/tiny-stack/libgcc.a(_prologue.o)
                0x00000000000004ea                __prologue_saves__
 .text.libgcc.builtins
                0x0000000000000518        0x0 /usr/lib/gcc/avr/4.8.1/avr25/tiny-stack/libgcc.a(_prologue.o)
 .text.libgcc.fmul
                0x0000000000000518        0x0 /usr/lib/gcc/avr/4.8.1/avr25/tiny-stack/libgcc.a(_prologue.o)
 .text.libgcc.fixed
                0x0000000000000518        0x0 /usr/lib/gcc/avr/4.8.1/avr25/tiny-stack/libgcc.a(_prologue.o)
 .text.libgcc.mul
                0x0000000000000518        0x0 /usr/lib/gcc/avr/4.8.1/avr25/tiny-stack/libgcc.a(_epilogue.o)
 .text.libgcc.div
                0x0000000000000518        0x0 /usr/lib/gcc/avr/4.8.1/avr25/tiny-stack/libgcc.a(_epilogue.o)
 .text.libgcc   0x0000000000000518        0x0 /usr/lib/gcc/avr/4.8.1/avr25/tiny-stack/libgcc.a(_epilogue.o)
 .text.libgcc.prologue
                0x0000000000000518       0x2c /usr/lib/gcc/avr/4.8.1/avr25/tiny-stack/libgcc.a(_epilogue.o)
                0x0000000000000518                __epilogue_restores__
 .text.libgcc.builtins
                0x0000000000000544        0x0 /usr/lib/gcc/avr/4.8.1/avr25/tiny-stack/libgcc.a(_epilogue.o)
 .text.libgcc.fmul
                0x0000000000000544        0x0 /usr/lib/gcc/avr/4.8.1/avr25/tiny-stack/libgcc.a(_epilogue.o)
 .text.libgcc.fixed
                0x0000000000000544        0x0 /usr/lib/gcc/avr/4.8.1/avr25/tiny-stack/libgcc.a(_epilogue.o)
 .text.libgcc.mul
                0x0000000000000544       0x5c /usr/lib/gcc/avr/4.8.1/avr25/tiny-stack/libgcc.a(_muldi3.o)
                0x0000000000000544                __muldi3
 .text.libgcc.div
                0x00000000000005a0        0x0 /usr/lib/gcc/avr/4.8.1/avr25/tiny-stack/libgcc.a(_muldi3.o)
 .text.libgcc   0x00000000000005a0        0x0 /usr/lib/gcc/avr/4.8.1/avr25/tiny-stack/libgcc.a(_muldi3.o)
 .text.libgcc.prologue
                0x00000000000005a0        0x0 /usr/lib/gcc/avr/4.8.1/avr25/tiny-stack/libgcc.a(_muldi3.o)
 .text.libgcc.builtins
                0x00000000000005a0        0x0 /usr/lib/gcc/avr/4.8.1/avr25/tiny-stack/libgcc.a(_muldi3.o)
 .text.libgcc.fmul
                0x00000000000005a0        0x0 /usr/lib/gcc/avr/4.8.1/avr25/tiny-stack/libgcc.a(_muldi3.o)
 .text.libgcc.fixed
                0x00000000000005a0        0x0 /usr/lib/gcc/avr/4.8.1/avr25/tiny-stack/libgcc.a(_muldi3.o)
 .text.avr-libc
                0x00000000000005a0       0x10 /usr/lib/gcc/avr/4.8.1/../../../avr/lib/avr25/tiny-stack/libc.a(eerd_byte_attiny25.o)
                0x00000000000005a0                __eerd_byte_tn25
 .text.avr-libc
                0x00000000000005b0        0x6 /usr/lib/gcc/avr/4.8.1/../../../avr/lib/avr25/tiny-stack/libc.a(eerd_word_attiny25.o)
                0x00000000000005b0                __eerd_word_tn25
 .text.avr-libc
                0x00000000000005b6       0x1e /usr/lib/gcc/avr/4.8.1/../../../avr/lib/avr25/tiny-stack/libc.a(eerd_block_attiny25.o)
                0x00000000000005b6                __eerd_block_tn25
                0x00000000000005ba                __eerd_blraw_tn25
                0x00000000000005d4                . = ALIGN (0x2)
 *(.fini9)
 .fini9         0x00000000000005d4        0x0 /usr/lib/gcc/avr/4.8.1/avr25/tiny-stack/libgcc.a(_exit.o)
                0x00000000000005d4                exit
                0x00000000000005d4                _exit
 *(.fini9)
 *(.fini8)
 *(.fini8)
 *(.fini7)
 *(.fini7)
 *(.fini6)
 *(.fini6)
 *(.fini5)
 *(.fini5)
 *(.fini4)
 *(.fini4)
 *(.fini3)
 *(.fini3)
 *(.fini2)
 *(.fini2)
 *(.fini1)
 *(.fini1)
 *(.fini0)
 .fini0         0x00000000000005d4        0x4 /usr/lib/gcc/avr/4.8.1/avr25/tiny-stack/libgcc.a(_exit.o)
 *(.fini0)
                0x00000000000005d8                _etext = .

.data           0x0000000000800060        0x0 load address 0x00000000000005d8
                0x0000000000800060                PROVIDE (__data_start, .)
 *(.data)
 .data          0x0000000000800060        0x0 /usr/lib/gcc/avr/4.8.1/../../../avr/lib/avr25/tiny-stack/crttn25.o
 .data          0x0000000000800060        0x0 ./hal.o
 .data          0x0000000000800060        0x0 ./main.o
 .data          0x0000000000800060        0x0 /usr/lib/gcc/avr/4.8.1/avr25/tiny-stack/libgcc.a(_exit.o)
 .data          0x0000000000800060        0x0 /usr/lib/gcc/avr/4.8.1/avr25/tiny-stack/libgcc.a(_clear_bss.o)
 .data          0x0000000000800060        0x0 /usr/lib/gcc/avr/4.8.1/avr25/tiny-stack/libgcc.a(_mulsidi3.o)
 .data          0x0000000000800060        0x0 /usr/lib/gcc/avr/4.8.1/avr25/tiny-stack/libgcc.a(_prologue.o)
 .data          0x0000000000800060        0x0 /usr/lib/gcc/avr/4.8.1/avr25/tiny-stack/libgcc.a(_epilogue.o)
 .data          0x0000000000800060        0x0 /usr/lib/gcc/avr/4.8.1/avr25/tiny-stack/libgcc.a(_muldi3.o)
 .data          0x0000000000800060        0x0 /usr/lib/gcc/avr/4.8.1/../../../avr/lib/avr25/tiny-stack/libc.a(eerd_byte_attiny25.o)
 .data          0x0000000000800060        0x0 /usr/lib/gcc/avr/4.8.1/../../../avr/lib/avr25/tiny-stack/libc.a(eerd_word_attiny25.o)
 .data          0x0000000000800060        0x0 /usr/lib/gcc/avr/4.8.1/../../../avr/lib/avr25/tiny-stack/libc.a(eerd_block_attiny25.o)
 *(.data*)
 *(.rodata)
 *(.rodata*)
 *(.gnu.linkonce.d*)
                0x0000000000800060                . = ALIGN (0x2)
                0x0000000000800060                _edata = .
                0x0000000000800060                PROVIDE (__data_end, .)

.bss            0x0000000000800060       0x17
                0x0000000000800060                PROVIDE (__bss_start, .)
 *(.bss)
 .bss           0x0000000000800060        0x0 /usr/lib/gcc/avr/4.8.1/../../../avr/lib/avr25/tiny-stack/crttn25.o
 .bss           0x0000000000800060        0x0 ./hal.o
 .bss           0x0000000000800060        0x0 ./main.o
 .bss           0x0000000000800060        0x0 /usr/lib/gcc/avr/4.8.1/avr25/tiny-stack/libgcc.a(_exit.o)
 .bss           0x0000000000800060        0x0 /usr/lib/gcc/avr/4.8.1/avr25/tiny-stack/libgcc.a(_clear_bss.o)
 .bss           0x0000000000800060        0x0 /usr/lib/gcc/avr/4.8.1/avr25/tiny-stack/libgcc.a(_mulsidi3.o)
 .bss           0x0000000000800060        0x0 /usr/lib/gcc/avr/4.8.1/avr25/tiny-stack/libgcc.a(_prologue.o)
 .bss           0x0000000000800060        0x0 /usr/lib/gcc/avr/4.8.1/avr25/tiny-stack/libgcc.a(_epilogue.o)
 .bss           0x0000000000800060        0x0 /usr/lib/gcc/avr/4.8.1/avr25/tiny-stack/libgcc.a(_muldi3.o)
 .bss           0x0000000000800060        0x0 /usr/lib/gcc/avr/4.8.1/../../../avr/lib/avr25/tiny-stack/libc.a(eerd_byte_attiny25.o)
 .bss           0x0000000000800060        0x0 /usr/lib/gcc/avr/4.8.1/../../../avr/lib/avr25/tiny-stack/libc.a(eerd_word_attiny25.o)
 .bss           0x0000000000800060        0x0 /usr/lib/gcc/avr/4.8.1/../../../avr/lib/avr25/tiny-stack/libc.a(eerd_block_attiny25.o)
 *(.bss*)
 *(COMMON)
 COMMON         0x0000000000800060       0x17 ./hal.o
                0x0000000000800060                hal_tacho_counter
                0x0000000000800062                mn_max_rpm
                0x0000000000800064                mn_min_duty_cycle
                0x0000000000800065                mn_flags0
                0x0000000000800066                mn_seconds_delay_counter
                0x0000000000800067                hal_flags0
                0x0000000000800068                mn_target_rpm
                0x000000000080006a                mn_min_rpm
                0x000000000080006c                hal_timer1_overflows_number
                0x000000000080006e                hal_adc_accumulator
                0x0000000000800072                hal_temperature
                0x0000000000800074                hal_adc_avg_counter
                0x0000000000800075                hal_tacho
                0x0000000000800077                PROVIDE (__bss_end, .)
                0x00000000000005d8                __data_load_start = LOADADDR (.data)
                0x00000000000005d8                __data_load_end = (__data_load_start + SIZEOF (.data))

.noinit         0x0000000000800077        0x0
                0x0000000000800077                PROVIDE (__noinit_start, .)
 *(.noinit*)
                0x0000000000800077                PROVIDE (__noinit_end, .)
                0x0000000000800077                _end = .
                0x0000000000800077                PROVIDE (__heap_start, .)

.eeprom         0x0000000000810000        0x0
 *(.eeprom*)
                0x0000000000810000                __eeprom_end = .

.fuse
 *(.fuse)
 *(.lfuse)
 *(.hfuse)
 *(.efuse)

.lock
 *(.lock*)

.signature
 *(.signature*)

.user_signatures
 *(.user_signatures*)

.stab
 *(.stab)

.stabstr
 *(.stabstr)

.stab.excl
 *(.stab.excl)

.stab.exclstr
 *(.stab.exclstr)

.stab.index
 *(.stab.index)

.stab.indexstr
 *(.stab.indexstr)

.comment        0x0000000000000000       0x11
 *(.comment)
 .comment       0x0000000000000000       0x11 ./hal.o
                                         0x12 (size before relaxing)
 .comment       0x0000000000000000       0x12 ./main.o

.note.gnu.build-id
 *(.note.gnu.build-id)

.debug
 *(.debug)

.line
 *(.line)

.debug_srcinfo
 *(.debug_srcinfo)

.debug_sfnames
 *(.debug_sfnames)

.debug_aranges
 *(.debug_aranges)

.debug_pubnames
 *(.debug_pubnames)

.debug_info
 *(.debug_info .gnu.linkonce.wi.*)

.debug_abbrev
 *(.debug_abbrev)

.debug_line
 *(.debug_line .debug_line.* .debug_line_end)

.debug_frame
 *(.debug_frame)

.debug_str
 *(.debug_str)

.debug_loc
 *(.debug_loc)

.debug_macinfo
 *(.debug_macinfo)

.debug_weaknames
 *(.debug_weaknames)

.debug_funcnames
 *(.debug_funcnames)

.debug_typenames
 *(.debug_typenames)

.debug_varnames
 *(.debug_varnames)

.debug_pubtypes
 *(.debug_pubtypes)

.debug_ranges
 *(.debug_ranges)

.debug_macro
 *(.debug_macro)
OUTPUT(PowerUnitCoolerController.elf elf32-avr)
LOAD linker stubs
